============================= test session starts =============================
platform win32 -- Python 3.9.25, pytest-7.1.2, pluggy-1.0.0
rootdir: E:\FileOrganizerPro2
plugins: anyio-3.5.0
collected 1 item

tests\integration\test_services_phase2.py F                              [100%]

================================== FAILURES ===================================
____________ TestServicesIntegration.test_duplicate_service_basic _____________
tests\integration\test_services_phase2.py:82: in test_duplicate_service_basic
    assert len(duplicates) >= 1
E   assert 0 >= 1
E    +  where 0 = len([])
---------------------------- Captured stdout call -----------------------------
[INFO] fileorganizer_pro.services.scanning_service: Starting scan of: C:\Users\admin\AppData\Local\Temp\tmpdvjqh637
[INFO] fileorganizer_pro.services.scanning_service: Starting scan of: C:\Users\admin\AppData\Local\Temp\tmpdvjqh637
[INFO] fileorganizer_pro.services.scanning_service: Scan complete: 8 files, 0 skipped, 0 errors
[INFO] fileorganizer_pro.services.scanning_service: Scan complete: 8 files, 0 skipped, 0 errors
[INFO] fileorganizer_pro.services.duplicate_service: Detecting duplicates in 8 files using md5
[INFO] fileorganizer_pro.services.duplicate_service: Detecting duplicates in 8 files using md5
[WARNING] fileorganizer_pro.services.duplicate_service: Cannot hash dup1.pdf: 'FileHash' object has no attribute 'value'
[WARNING] fileorganizer_pro.services.duplicate_service: Cannot hash dup1.pdf: 'FileHash' object has no attribute 'value'
[WARNING] fileorganizer_pro.services.duplicate_service: Cannot hash dup2.pdf: 'FileHash' object has no attribute 'value'
[WARNING] fileorganizer_pro.services.duplicate_service: Cannot hash dup2.pdf: 'FileHash' object has no attribute 'value'
[WARNING] fileorganizer_pro.services.duplicate_service: Cannot hash main.py: 'FileHash' object has no attribute 'value'
[WARNING] fileorganizer_pro.services.duplicate_service: Cannot hash main.py: 'FileHash' object has no attribute 'value'
[WARNING] fileorganizer_pro.services.duplicate_service: Cannot hash util.js: 'FileHash' object has no attribute 'value'
[WARNING] fileorganizer_pro.services.duplicate_service: Cannot hash util.js: 'FileHash' object has no attribute 'value'
[WARNING] fileorganizer_pro.services.duplicate_service: Cannot hash notes.txt: 'FileHash' object has no attribute 'value'
[WARNING] fileorganizer_pro.services.duplicate_service: Cannot hash notes.txt: 'FileHash' object has no attribute 'value'
[WARNING] fileorganizer_pro.services.duplicate_service: Cannot hash report.pdf: 'FileHash' object has no attribute 'value'
[WARNING] fileorganizer_pro.services.duplicate_service: Cannot hash report.pdf: 'FileHash' object has no attribute 'value'
[WARNING] fileorganizer_pro.services.duplicate_service: Cannot hash logo.png: 'FileHash' object has no attribute 'value'
[WARNING] fileorganizer_pro.services.duplicate_service: Cannot hash logo.png: 'FileHash' object has no attribute 'value'
[WARNING] fileorganizer_pro.services.duplicate_service: Cannot hash photo.jpg: 'FileHash' object has no attribute 'value'
[WARNING] fileorganizer_pro.services.duplicate_service: Cannot hash photo.jpg: 'FileHash' object has no attribute 'value'
[INFO] fileorganizer_pro.services.duplicate_service: Found 0 duplicate groups with 0 total duplicate files
[INFO] fileorganizer_pro.services.duplicate_service: Found 0 duplicate groups with 0 total duplicate files
[WARNING] fileorganizer_pro.services.duplicate_service: Duplicate detection had 8 errors
[WARNING] fileorganizer_pro.services.duplicate_service: Duplicate detection had 8 errors
------------------------------ Captured log call ------------------------------
INFO     fileorganizer_pro.services.scanning_service:scanning_service.py:98 Starting scan of: C:\Users\admin\AppData\Local\Temp\tmpdvjqh637
INFO     fileorganizer_pro.services.scanning_service:scanning_service.py:170 Scan complete: 8 files, 0 skipped, 0 errors
INFO     fileorganizer_pro.services.duplicate_service:duplicate_service.py:74 Detecting duplicates in 8 files using md5
WARNING  fileorganizer_pro.services.duplicate_service:duplicate_service.py:88 Cannot hash dup1.pdf: 'FileHash' object has no attribute 'value'
WARNING  fileorganizer_pro.services.duplicate_service:duplicate_service.py:88 Cannot hash dup2.pdf: 'FileHash' object has no attribute 'value'
WARNING  fileorganizer_pro.services.duplicate_service:duplicate_service.py:88 Cannot hash main.py: 'FileHash' object has no attribute 'value'
WARNING  fileorganizer_pro.services.duplicate_service:duplicate_service.py:88 Cannot hash util.js: 'FileHash' object has no attribute 'value'
WARNING  fileorganizer_pro.services.duplicate_service:duplicate_service.py:88 Cannot hash notes.txt: 'FileHash' object has no attribute 'value'
WARNING  fileorganizer_pro.services.duplicate_service:duplicate_service.py:88 Cannot hash report.pdf: 'FileHash' object has no attribute 'value'
WARNING  fileorganizer_pro.services.duplicate_service:duplicate_service.py:88 Cannot hash logo.png: 'FileHash' object has no attribute 'value'
WARNING  fileorganizer_pro.services.duplicate_service:duplicate_service.py:88 Cannot hash photo.jpg: 'FileHash' object has no attribute 'value'
INFO     fileorganizer_pro.services.duplicate_service:duplicate_service.py:101 Found 0 duplicate groups with 0 total duplicate files
WARNING  fileorganizer_pro.services.duplicate_service:duplicate_service.py:107 Duplicate detection had 8 errors
=========================== short test summary info ===========================
FAILED tests/integration/test_services_phase2.py::TestServicesIntegration::test_duplicate_service_basic
============================== 1 failed in 0.20s ==============================
